[victoriollc.renderforestsites.com/index.html]
[backblue.gif]
[fade.gif]
[index.html]
[hosting.renderforestsites.com/26260726/1289054/media/43d31c9741fa68e43353c54bbd88ed75.jpg]
[hosting.renderforestsites.com/26260726/1289054/media/bfa6b0bf5655e2fed837dd089f154da9.png]
[victoriollc.renderforestsites.com/main-m367s9vg.css]
[hosting.renderforestsites.com/26260726/1289054/media/017b1a9fa7e1d98e6cd332d3eb7a11fa.jpg]
[hosting.renderforestsites.com/26260726/1289054/media/b24233756f602fbea49de6acfd8bae9d.jpg]
[victoriollc.renderforestsites.com/rf_fonts/v1/fonts.css]
[victoriollc.renderforestsites.com/builtIcons-m367s9vg.js]
[hosting.renderforestsites.com/26260726/1289054/media/c55e9350c50a70b1a551e52ae14920ae.jpg]
[victoriollc.renderforestsites.com/index.html]
[victoriollc.renderforestsites.com/main-m367s9vg.css]
[victoriollc.renderforestsites.com/rf_fonts/v1/56df9c8b-550d-4475-9619-bdf51a2b8aa1.woff2]
[victoriollc.renderforestsites.com/bundle-m367s9vg.js]
[victoriollc.renderforestsites.com/rf_fonts/v1/35a76e2b-12ef-4a67-8994-22a847dc1d28.woff2]
[victoriollc.renderforestsites.com/rf_fonts/v1/8039c378-a90c-4c13-acbf-1ea0029a2270.woff2]
[victoriollc.renderforestsites.com/rf_fonts/v1/089ab3b8-6af9-4afe-ad56-10beb115a131.woff2]
[victoriollc.renderforestsites.com/rf_fonts/v1/60b9f68c-0e4a-46ab-af88-9d0a8f72c661.woff2]
[victoriollc.renderforestsites.com/rf_fonts/v1/d0891b9e-b2ef-40dc-86de-5ce7235099ab.woff2]
[victoriollc.renderforestsites.com/rf_fonts/v1/b436a6f7-8274-4b24-9e0a-d35b19e0c455.woff2]
[victoriollc.renderforestsites.com/rf_fonts/v1/2bc8be26-59b3-4528-b62f-2c9c8eab8241.woff2]
[victoriollc.renderforestsites.com/rf_fonts/v1/502d049c-c495-4afe-a39d-b14d1083d8ae.woff2]
[victoriollc.renderforestsites.com/rf_fonts/v1/0e756d52-4aba-4ae8-a9b8-825cf20cf14c.woff2]
[victoriollc.renderforestsites.com/rf_fonts/v1/28458773-c2eb-4e4e-b67d-2f2840aac0c4.woff2]
[victoriollc.renderforestsites.com/rf_fonts/v1/dce5381f-e191-4203-85ec-982b5486b3ee.woff2]
[victoriollc.renderforestsites.com/rf_fonts/v1/81e0582d-d6a9-4965-a7cc-aa91067e8ce1.woff2]
[victoriollc.renderforestsites.com/rf_fonts/v1/d9436fa6-4677-443f-a810-a5d53b681697.woff2]
[victoriollc.renderforestsites.com/rf_fonts/v1/6251dc12-6899-457b-8b67-81679dd01d05.woff2]
[victoriollc.renderforestsites.com/rf_fonts/v1/9a8fd949-e4d2-4512-a831-dbc7e2122b61.woff2]
[victoriollc.renderforestsites.com/rf_fonts/v1/f64ff9ca-bf60-4faf-a3db-205970e4ad1f.woff2]
[victoriollc.renderforestsites.com/rf_fonts/v1/8a635f11-5895-4cf3-afde-73228b9adec7.woff2]
[victoriollc.renderforestsites.com/rf_fonts/v1/166a828d-dfa0-408b-b3fb-4b8e998c2a5a.woff2]
[victoriollc.renderforestsites.com/rf_fonts/v1/25d68e10-da28-41d4-a86e-dba7d5f9afd7.woff2]
[victoriollc.renderforestsites.com/rf_fonts/v1/d99ca9fd-de95-4ee9-b4d2-f38a43cee8de.woff2]
[victoriollc.renderforestsites.com/rf_fonts/v1/14955b08-5047-45f1-8890-c0763e849c48.woff2]
[victoriollc.renderforestsites.com/rf_fonts/v1/06acaf16-2971-48f5-a5cb-739cc4b50aa9.woff2]
[victoriollc.renderforestsites.com/rf_fonts/v1/0e288fb5-5610-40e3-8b87-e3f3ef32caa4.woff2]
[victoriollc.renderforestsites.com/rf_fonts/v1/a97cc18d-d9e7-4660-ae62-c56c819bdeed.woff2]
[victoriollc.renderforestsites.com/rf_fonts/v1/a2fb0f25-2f79-47e0-be4d-bbf4b9b31baa.woff2]
[victoriollc.renderforestsites.com/rf_fonts/v1/a08e145f-5451-48f8-9ea2-d1f36625a80c.woff2]
[victoriollc.renderforestsites.com/rf_fonts/v1/cec3aba7-b501-4652-9d4c-c47302270a04.woff2]
[victoriollc.renderforestsites.com/rf_fonts/v1/dfe54757-c7be-410c-a1d6-39310bfa905a.woff2]
[victoriollc.renderforestsites.com/rf_fonts/v1/ad570c07-9df1-4bcb-a271-c7918e406c2f.woff2]
[victoriollc.renderforestsites.com/rf_fonts/v1/f476dabd-c0d1-4fc7-914a-d90dda95e05d.woff2]
[victoriollc.renderforestsites.com/rf_fonts/v1/d46d4462-dca4-4a78-8c8a-b1f341a48f58.woff2]
[victoriollc.renderforestsites.com/rf_fonts/v1/a255ed04-f828-4d71-bebc-f01b422cba34.woff2]
[victoriollc.renderforestsites.com/rf_fonts/v1/3f09219e-e14f-405a-a562-e7f252afead9.woff2]
[victoriollc.renderforestsites.com/rf_fonts/v1/087491b0-bc14-4ef4-a008-f619cc083042.woff2]
[victoriollc.renderforestsites.com/rf_fonts/v1/bfbddfaa-2dfd-4e66-a66e-820da3202631.woff2]
[victoriollc.renderforestsites.com/rf_fonts/v1/84c8dcdc-4a59-412b-b791-12787e5c9586.woff2]
[victoriollc.renderforestsites.com/rf_fonts/v1/2660773b-bb8a-4251-9e44-8419557397cf.woff2]
[victoriollc.renderforestsites.com/rf_fonts/v1/7bffd3af-2996-45a6-8c88-0e5c7839e4ca.woff2]
[victoriollc.renderforestsites.com/rf_fonts/v1/910e17fe-beca-4d27-ac76-96ddc9a9f726.woff2]
[victoriollc.renderforestsites.com/rf_fonts/v1/b33d6b84-5dd0-4f41-8c91-af84a4163a71.woff2]
[victoriollc.renderforestsites.com/rf_fonts/v1/9832d823-4c87-41cd-8316-1229a083ccaa.woff2]
[victoriollc.renderforestsites.com/rf_fonts/v1/8831b8d4-b031-4e50-a84d-04f3904e44d4.woff2]
[victoriollc.renderforestsites.com/rf_fonts/v1/b1293acd-2b58-46b4-9b21-7d530c512c2c.woff2]
[victoriollc.renderforestsites.com/rf_fonts/v1/2bf72f24-8667-4b46-ab28-49024e8b64e5.woff2]
[victoriollc.renderforestsites.com/rf_fonts/v1/cf509b8f-2637-446f-bdb9-a35a49ba83ae.woff2]
[victoriollc.renderforestsites.com/rf_fonts/v1/2dd658a9-3178-4c4e-a092-1cbd755c2dff.woff2]
[victoriollc.renderforestsites.com/rf_fonts/v1/a3cbf5f3-310a-44cd-b0e8-8ab731361c5b.woff2]
[victoriollc.renderforestsites.com/rf_fonts/v1/0b385249-b89f-408f-8a36-ce913b0bef35.woff2]
[victoriollc.renderforestsites.com/rf_fonts/v1/56b8c3e6-6e3d-4065-82f4-24f4d200d5ae.woff2]
[victoriollc.renderforestsites.com/rf_fonts/v1/4d931bf7-3306-497b-8cca-d130b1dfffeb.woff2]
[victoriollc.renderforestsites.com/rf_fonts/v1/a2fb23e2-748f-4903-a63e-14ed7dd61fcc.woff2]
[victoriollc.renderforestsites.com/rf_fonts/v1/1b4a933d-8edf-45b4-b915-8cd71468c36a.woff2]
[victoriollc.renderforestsites.com/rf_fonts/v1/4caa90dd-567f-49ae-a271-343a8db75713.woff2]
[victoriollc.renderforestsites.com/rf_fonts/v1/4d5e8182-20c9-4b59-aeb5-2d6c28d284ab.woff2]
[victoriollc.renderforestsites.com/rf_fonts/v1/41c223ae-a871-40b2-b49d-39811f5032aa.woff2]
[victoriollc.renderforestsites.com/rf_fonts/v1/d38225f3-bdc0-4796-880d-6af8fecf02e6.woff2]
[victoriollc.renderforestsites.com/rf_fonts/v1/a0d391b6-077b-4f0b-a8bc-907c8d30f9c9.woff2]
[victoriollc.renderforestsites.com/rf_fonts/v1/bb0607da-7d36-4f7c-a1d0-dbae20964efe.woff2]
[victoriollc.renderforestsites.com/rf_fonts/v1/7c207f6e-e873-4edf-83fb-08c332e4784d.woff2]
[victoriollc.renderforestsites.com/rf_fonts/v1/8d37e176-9248-4503-991c-9d483c1a588b.woff2]
[victoriollc.renderforestsites.com/rf_fonts/v1/aa6e6538-f313-4f86-ab6b-ab1a20b46968.woff2]
[victoriollc.renderforestsites.com/rf_fonts/v1/eb93095e-2c0a-4468-bf8f-d07a6b9b1e7a.woff2]
[victoriollc.renderforestsites.com/rf_fonts/v1/d34b47aa-ea32-42d1-af04-13c12a9e8cdf.woff2]
[victoriollc.renderforestsites.com/rf_fonts/v1/5bc460d8-26e4-4245-b882-0b62b54cd4ab.woff2]
[victoriollc.renderforestsites.com/rf_fonts/v1/68188888-0dbe-4575-8853-d588f2bacd78.woff2]
[victoriollc.renderforestsites.com/rf_fonts/v1/51c5fdff-fe34-4bbc-abcf-ce7075cfae55.woff2]
[victoriollc.renderforestsites.com/rf_fonts/v1/1d423b28-375e-49a8-9607-9a5acfa007df.woff2]
[victoriollc.renderforestsites.com/rf_fonts/v1/66714ff6-6276-4a75-bc23-c2c50a5e828e.woff2]
[victoriollc.renderforestsites.com/rf_fonts/v1/e1b96d43-c5fc-4939-9fe4-2367bf349e14.woff2]
[victoriollc.renderforestsites.com/rf_fonts/v1/b64f4848-2adc-4e6a-a3f8-d98476b98218.woff2]
[victoriollc.renderforestsites.com/rf_fonts/v1/e1dd148c-ea9f-4132-a024-c97e6e866d27.woff2]
[victoriollc.renderforestsites.com/rf_fonts/v1/b8b911da-904a-4839-82f4-7c6c46c6e710.woff2]
[victoriollc.renderforestsites.com/rf_fonts/v1/db1a3ae2-adbb-4633-87c6-dc21e8d3a570.woff2]
[victoriollc.renderforestsites.com/rf_fonts/v1/e5600bd1-6dd3-4996-9578-99647f5c5dc1.woff2]
[victoriollc.renderforestsites.com/rf_fonts/v1/ec708075-a76f-4a9c-893d-a27c1270e3a8.woff2]
[victoriollc.renderforestsites.com/rf_fonts/v1/95b66a7e-1d4f-4310-84b9-797a1efb4a14.woff2]
[victoriollc.renderforestsites.com/rf_fonts/v1/93ea3412-aa44-4b88-8ff5-689eab642568.woff2]
[victoriollc.renderforestsites.com/rf_fonts/v1/8cbe4aaa-abaa-4229-a796-e7edec3facc5.woff2]
[victoriollc.renderforestsites.com/rf_fonts/v1/f4e28232-e87d-46af-bf30-71ffd5a9437c.woff2]
[victoriollc.renderforestsites.com/rf_fonts/v1/65f9073d-e5b2-463e-9642-92d1c4144a8d.woff2]
[victoriollc.renderforestsites.com/rf_fonts/v1/a05afec8-4113-4a21-a1e6-a2229038da22.woff2]
[victoriollc.renderforestsites.com/rf_fonts/v1/066ac667-884f-4575-a6fd-52eb4f480500.woff2]
[victoriollc.renderforestsites.com/rf_fonts/v1/1284c3d6-92c9-4b09-ac06-f85b2672ddd1.woff2]
[victoriollc.renderforestsites.com/rf_fonts/v1/d2293024-2c61-4fc6-b89c-1baa1d7c713e.woff2]
[victoriollc.renderforestsites.com/rf_fonts/v1/3eec44e1-43b9-47f2-ae53-c0235deaa8d2.woff2]
[victoriollc.renderforestsites.com/rf_fonts/v1/a93654f3-d9da-407f-9e7d-aa298b1dc794.woff2]
[victoriollc.renderforestsites.com/rf_fonts/v1/2385bacd-64d0-4a92-a046-a406fa8cc1c3.woff2]
[victoriollc.renderforestsites.com/rf_fonts/v1/f221ae25-0d0b-449d-b153-89c07bea0ecc.woff2]
[victoriollc.renderforestsites.com/rf_fonts/v1/2865cc92-66ea-40db-a8a3-e610034438c9.woff2]
[victoriollc.renderforestsites.com/rf_fonts/v1/2883c28e-b80e-4afd-a489-266b6109eacb.woff2]
[victoriollc.renderforestsites.com/rf_fonts/v1/f3038946-3e91-45e9-809a-87704039d08e.woff2]
[victoriollc.renderforestsites.com/rf_fonts/v1/119f2799-3c92-4d6d-b2e5-3860fdc4926c.woff2]
[victoriollc.renderforestsites.com/rf_fonts/v1/1d2a0059-4622-4d68-a53a-ed158b38b5a5.woff2]
[victoriollc.renderforestsites.com/rf_fonts/v1/d70afca9-30ff-42c3-b8af-2d2c3cd18178.woff2]
[victoriollc.renderforestsites.com/rf_fonts/v1/15d9696d-56ba-4d86-8cb9-c792d1c5c895.woff2]
[victoriollc.renderforestsites.com/rf_fonts/v1/dcd510cd-3c82-4152-9e9e-676b44db3985.woff2]
[victoriollc.renderforestsites.com/rf_fonts/v1/9011b305-cf10-4371-bdfa-c8c141409309.woff2]
[victoriollc.renderforestsites.com/rf_fonts/v1/9f636333-65cf-44c1-a1fa-da430c80858a.woff2]
[victoriollc.renderforestsites.com/rf_fonts/v1/d2363239-e0d1-47c4-93af-15d05fed54d6.woff2]
[victoriollc.renderforestsites.com/rf_fonts/v1/774bafb0-f96d-423d-9f58-09b21d306738.woff2]
[victoriollc.renderforestsites.com/rf_fonts/v1/2d975e40-7e01-42fe-bdfe-a480972b7c77.woff2]
[victoriollc.renderforestsites.com/rf_fonts/v1/d35d9c7b-038d-4735-a2f2-e2e05651024b.woff2]
[victoriollc.renderforestsites.com/rf_fonts/v1/5a825a16-725d-4e4c-beac-f243f742eed9.woff2]
[victoriollc.renderforestsites.com/rf_fonts/v1/73ac87c0-1159-4311-9468-597daae81762.woff2]
[victoriollc.renderforestsites.com/rf_fonts/v1/8078522f-a68f-44fb-ba9c-8df45c82b60a.woff2]
[victoriollc.renderforestsites.com/rf_fonts/v1/ca1b3466-59c9-446d-bfce-cee0038d8ee7.woff2]
[victoriollc.renderforestsites.com/rf_fonts/v1/f7ee0ee7-c6d1-4d1f-98da-bc937214593b.woff2]
[victoriollc.renderforestsites.com/rf_fonts/v1/fa56a6a5-4762-4c79-8584-c9b2084642a3.woff2]
[victoriollc.renderforestsites.com/rf_fonts/v1/acccc97e-5e1e-4824-ac7c-acf395360a86.woff2]
[victoriollc.renderforestsites.com/rf_fonts/v1/69a355cb-1051-4d6b-b3db-49a287bff3f3.woff2]
[victoriollc.renderforestsites.com/rf_fonts/v1/07b0cf82-4bf7-4485-873e-6742b7f2756f.woff2]
[victoriollc.renderforestsites.com/rf_fonts/v1/4f4c4b5b-c945-4413-bc22-6fa047b8175b.woff2]
[victoriollc.renderforestsites.com/rf_fonts/v1/a801d557-544e-4c6c-8a4c-f67067d4fbe0.woff2]
[victoriollc.renderforestsites.com/rf_fonts/v1/5d151656-e83f-4509-8ea8-394d55035325.woff2]
[victoriollc.renderforestsites.com/rf_fonts/v1/d0729d3a-440f-415a-97ba-1c7d9e534c5d.woff2]
[victoriollc.renderforestsites.com/rf_fonts/v1/89074d32-27a9-4a46-bce1-7fac309f4f50.woff2]
[victoriollc.renderforestsites.com/rf_fonts/v1/ee37bfb5-01b2-4942-9867-04051378a5c4.woff2]
[victoriollc.renderforestsites.com/rf_fonts/v1/7e93007d-5db9-4f15-b940-723a45bcfc77.woff2]
[victoriollc.renderforestsites.com/rf_fonts/v1/e4e3a652-7024-49cf-a22d-d160095c52a0.woff2]
[victoriollc.renderforestsites.com/rf_fonts/v1/597aa73d-ba2c-419f-9707-9137d52184ec.woff2]
[victoriollc.renderforestsites.com/rf_fonts/v1/a1ce9e00-f8d5-4ec3-84b1-e4cfc2188491.woff2]
[victoriollc.renderforestsites.com/rf_fonts/v1/46fe9709-4a1d-43d2-aa84-c754c8946acf.woff2]
[victoriollc.renderforestsites.com/rf_fonts/v1/06faa707-52bc-4aaa-b639-6ccd1e3dd5e2.woff2]
[victoriollc.renderforestsites.com/rf_fonts/v1/d3c83b3f-a913-4b74-b1ce-a617678245b8.woff2]
[victoriollc.renderforestsites.com/rf_fonts/v1/71d0c4d7-ac6f-49b7-9c40-ff4a4ac6dde4.woff2]
[victoriollc.renderforestsites.com/rf_fonts/v1/1d052068-9cd9-4482-8bca-268294b47a23.woff2]
[victoriollc.renderforestsites.com/rf_fonts/v1/16d3b334-1c55-4ad4-9512-a846715d1ef0.woff2]
[victoriollc.renderforestsites.com/rf_fonts/v1/664f04ce-1d94-495d-b7c5-ca0d237c7c3b.woff2]
[victoriollc.renderforestsites.com/rf_fonts/v1/f33f85e6-cc1b-4e66-a4ed-3a3b6e463f64.woff2]
[victoriollc.renderforestsites.com/rf_fonts/v1/e71da9d9-0bbf-4444-985f-0d22ef92d338.woff2]
[victoriollc.renderforestsites.com/rf_fonts/v1/55463300-8132-48ac-9010-30231be43111.woff2]
[victoriollc.renderforestsites.com/rf_fonts/v1/37fbb91b-5988-4c7d-ab5e-211ed71ee417.woff2]
[victoriollc.renderforestsites.com/rf_fonts/v1/13b51b9e-9a41-4adc-a13c-9de7386045f7.woff2]
[victoriollc.renderforestsites.com/rf_fonts/v1/12a8ecb4-d357-4968-bb87-b4712505becc.woff2]
[victoriollc.renderforestsites.com/rf_fonts/v1/b2abed4f-a427-46cf-b597-ffb7ba845f73.woff2]
[victoriollc.renderforestsites.com/rf_fonts/v1/e217800d-6f31-410d-b852-9e8e2358e902.woff2]
[victoriollc.renderforestsites.com/rf_fonts/v1/0ecfdb86-d63b-48f9-abc0-fd076dbe08c9.woff2]
[victoriollc.renderforestsites.com/rf_fonts/v1/9dc161cd-09bf-48ad-90cb-a87141866149.woff2]
[victoriollc.renderforestsites.com/rf_fonts/v1/706aa58a-919e-428a-9cf2-d92c30d459aa.woff2]
[victoriollc.renderforestsites.com/rf_fonts/v1/250af9e7-afe7-4e8f-b3ca-33529eb1f467.woff2]
[victoriollc.renderforestsites.com/rf_fonts/v1/0f9c80ff-2b47-47f6-97fa-1041c25744c1.woff2]
[victoriollc.renderforestsites.com/rf_fonts/v1/fa19bd5e-79bc-47a7-82b4-3dba304e1660.woff2]
[victoriollc.renderforestsites.com/rf_fonts/v1/1b492ac8-6593-4c18-893b-7e6db0876db5.woff2]
[victoriollc.renderforestsites.com/rf_fonts/v1/b78ae2ac-3842-41b1-b017-a0bbdf704042.woff2]
[victoriollc.renderforestsites.com/rf_fonts/v1/1e1f0f7b-c4ea-4bf3-8c96-f53d1aee1dd4.woff2]
[victoriollc.renderforestsites.com/rf_fonts/v1/b3343d0d-f4d3-472d-bb2c-c36fd6cf8191.woff2]
[victoriollc.renderforestsites.com/rf_fonts/v1/ed6504aa-dc8d-4bf3-9b2e-f48efcc2954a.woff2]
[victoriollc.renderforestsites.com/rf_fonts/v1/4b2116aa-444c-4fbe-92e0-cdc364701d47.woff2]
[victoriollc.renderforestsites.com/rf_fonts/v1/32b0949c-72a1-4d57-8ddc-5a2bc3f0f362.woff2]
[victoriollc.renderforestsites.com/rf_fonts/v1/d3b24d11-4b1c-4688-babe-2255de1e9f06.woff2]
[victoriollc.renderforestsites.com/rf_fonts/v1/ee652226-776a-4406-8c21-8cc3caa3b370.woff2]
[victoriollc.renderforestsites.com/rf_fonts/v1/66f70f79-0f40-4ad9-b58c-8ecb16357f4b.woff2]
[victoriollc.renderforestsites.com/rf_fonts/v1/0fc5f7d5-abc2-410e-baaa-dcb057518fa3.woff2]
[victoriollc.renderforestsites.com/rf_fonts/v1/607fd4d3-191b-494b-98a4-59b735407416.woff2]
[victoriollc.renderforestsites.com/rf_fonts/v1/e9d7f96e-bdc9-4808-af57-ce8a06aa72da.woff2]
[victoriollc.renderforestsites.com/rf_fonts/v1/5041c3fc-9671-435d-b131-94fb0e7fa8af.woff2]
[victoriollc.renderforestsites.com/rf_fonts/v1/82cf2225-cb0b-4ebf-943a-07ca7e7834ad.woff2]
[victoriollc.renderforestsites.com/rf_fonts/v1/a689e592-c5a5-4200-885b-38a35fa67fbb.woff2]
[victoriollc.renderforestsites.com/rf_fonts/v1/c9d107da-230e-477f-afc7-faab68149c63.woff2]
[victoriollc.renderforestsites.com/rf_fonts/v1/fb5c4b67-0db6-431c-a00c-198bf07441e7.woff2]
[victoriollc.renderforestsites.com/rf_fonts/v1/5f7674c7-cc50-4922-9cc1-7bd3487ce9bb.woff2]
[victoriollc.renderforestsites.com/rf_fonts/v1/8c1e213e-4086-49e6-bbf6-4acc75a7595b.woff2]
[victoriollc.renderforestsites.com/rf_fonts/v1/ff68bedd-0c4d-4529-9da8-88a240bcd687.woff2]
[victoriollc.renderforestsites.com/rf_fonts/v1/71270319-6e61-49bd-91f8-3f6c451659a9.woff2]
[victoriollc.renderforestsites.com/rf_fonts/v1/f6797917-7bcc-4d8b-9ec7-7548de6c17ad.woff2]
[victoriollc.renderforestsites.com/rf_fonts/v1/ae12628e-4f60-424e-939a-ea63fe320564.woff2]
[victoriollc.renderforestsites.com/rf_fonts/v1/db4b1c5a-609c-400f-95e9-8ad2cf030f14.woff2]
[victoriollc.renderforestsites.com/rf_fonts/v1/b3a0e242-6724-463e-846d-cc2f90d462d4.woff2]
[victoriollc.renderforestsites.com/rf_fonts/v1/568ccc36-0783-4ccb-8cbc-c87c65851a31.woff2]
[victoriollc.renderforestsites.com/rf_fonts/v1/fe121ead-ad9f-447e-9977-48ea37d30ebe.woff2]
[victoriollc.renderforestsites.com/rf_fonts/v1/8f72220c-e630-4a72-ba38-b710ff43a486.woff2]
[victoriollc.renderforestsites.com/rf_fonts/v1/0bf58e4c-512d-4dc3-a2ea-f8201e93f9b0.woff2]
[victoriollc.renderforestsites.com/rf_fonts/v1/e1afc72a-c241-40d6-afcd-0fd662c799d3.woff2]
[victoriollc.renderforestsites.com/rf_fonts/v1/0c191eb7-5080-442c-b7f9-3366e7e6aa96.woff2]
[victoriollc.renderforestsites.com/rf_fonts/v1/f2605897-5130-450a-a6ed-86876369cfe7.woff2]
[victoriollc.renderforestsites.com/rf_fonts/v1/371e91f0-3dd1-4146-9d23-75ed6b6fc86f.woff2]
[victoriollc.renderforestsites.com/rf_fonts/v1/c2b95db5-b644-4848-bdd4-44ce5380ba3a.woff2]
[victoriollc.renderforestsites.com/rf_fonts/v1/abc3a0b8-5f80-44d2-8f43-9fb5b102be79.woff2]
[victoriollc.renderforestsites.com/rf_fonts/v1/c5dd75ed-a5f8-4ba2-a800-652b9c503abf.woff2]
[victoriollc.renderforestsites.com/rf_fonts/v1/2c63a76d-71ba-4903-9734-8415539b27ea.woff2]
[victoriollc.renderforestsites.com/rf_fonts/v1/269e514a-3100-47e3-87cd-c45046da814e.woff2]
[victoriollc.renderforestsites.com/rf_fonts/v1/600136f3-5eb1-44de-b83d-fc014011caa1.woff2]
[victoriollc.renderforestsites.com/rf_fonts/v1/30f9f7d3-1ff7-435a-a85e-6522ca519b51.woff2]
[victoriollc.renderforestsites.com/rf_fonts/v1/d6ade0dc-43de-4c23-9a75-da861cf99e8c.woff2]
[victoriollc.renderforestsites.com/rf_fonts/v1/d49a41cd-b0f5-4925-b0ea-d521e88396ac.woff2]
[victoriollc.renderforestsites.com/rf_fonts/v1/ad2dea8c-c19c-4b68-ae2c-848aa4849cbf.woff2]
[victoriollc.renderforestsites.com/rf_fonts/v1/a1f7d77b-9177-4640-9db9-d423b57ce910.woff2]
[victoriollc.renderforestsites.com/rf_fonts/v1/21a338ed-00a2-48a0-b3d6-9ec9237fb3e1.woff2]
[victoriollc.renderforestsites.com/rf_fonts/v1/1817ef07-ade7-4e2e-98f6-59c67d0c0a16.woff2]
[victoriollc.renderforestsites.com/rf_fonts/v1/95f2456e-5919-468f-ac04-12aa0a16efc1.woff2]
[victoriollc.renderforestsites.com/rf_fonts/v1/a5280370-aea7-4597-934c-3abc1bfc4f98.woff2]
[victoriollc.renderforestsites.com/rf_fonts/v1/f3ed215a-2693-46e1-a4af-0d29d624e127.woff2]
[victoriollc.renderforestsites.com/rf_fonts/v1/99223268-8ced-44ad-90b9-b2e882a9fd5d.woff2]
[victoriollc.renderforestsites.com/rf_fonts/v1/6bef465e-3d2b-4ca7-9339-8724570bc8a6.woff2]
[victoriollc.renderforestsites.com/rf_fonts/v1/93318d61-c5dd-4f29-a1d4-b554ca8f4c7d.woff2]
[victoriollc.renderforestsites.com/rf_fonts/v1/b1cd96bd-83e7-4cbc-9140-5ff1d27d5fd9.woff2]
[victoriollc.renderforestsites.com/rf_fonts/v1/9de4b199-2f55-474e-a9b9-750ea675e772.woff2]
[victoriollc.renderforestsites.com/rf_fonts/v1/385cff06-d911-4b19-a970-da972fe7aae5.woff2]
[victoriollc.renderforestsites.com/rf_fonts/v1/41867c63-9760-4e46-8af5-62c1f8b9aac3.woff2]
[victoriollc.renderforestsites.com/rf_fonts/v1/32805813-7a24-4c35-8a16-380381dc0b60.woff2]
[victoriollc.renderforestsites.com/rf_fonts/v1/5b14db55-1efd-4861-a584-18f8573d75f5.woff2]
[victoriollc.renderforestsites.com/rf_fonts/v1/f1c31924-69f8-475f-8ce9-994e6717e7c2.woff2]
[victoriollc.renderforestsites.com/rf_fonts/v1/51b2b2b0-956a-483d-bd87-ae0840860407.woff2]
[victoriollc.renderforestsites.com/rf_fonts/v1/4d42acd3-1895-4c11-a5dd-be3aa32ffa3c.woff2]
[victoriollc.renderforestsites.com/rf_fonts/v1/60babd10-8925-464a-a0d9-69fa91a1cb77.woff2]
[victoriollc.renderforestsites.com/rf_fonts/v1/37c6ae03-4bdd-4beb-a90f-d027e12d0a27.woff2]
[victoriollc.renderforestsites.com/rf_fonts/v1/8e4c20a3-afad-48fc-b408-13ba327a412b.woff2]
[victoriollc.renderforestsites.com/rf_fonts/v1/b8ad09e7-307d-42bb-8136-4154926f5bde.woff2]
[victoriollc.renderforestsites.com/rf_fonts/v1/d3d4ffe5-64bf-46a8-a34d-f5c376a94fdd.woff2]
[victoriollc.renderforestsites.com/rf_fonts/v1/0fdc9e62-6d2d-48b5-a9bc-01a00e9b5513.woff2]
[victoriollc.renderforestsites.com/rf_fonts/v1/d52e4716-4af6-47c4-adaf-ea706b2b3be6.woff2]
[victoriollc.renderforestsites.com/rf_fonts/v1/1c4a40c3-4392-4bfb-953d-c72b4a24706b.woff2]
[victoriollc.renderforestsites.com/rf_fonts/v1/c5df2e52-3d1e-4989-ba6f-82ee8c9b5635.woff2]
[victoriollc.renderforestsites.com/rf_fonts/v1/90a271f3-95d5-47d1-b77a-866628c45989.woff2]
[victoriollc.renderforestsites.com/rf_fonts/v1/6804bf33-187e-4915-9599-0b276fd4d418.woff2]
[victoriollc.renderforestsites.com/rf_fonts/v1/5e938913-94bd-4c66-a160-f28375ce9df4.woff2]
[victoriollc.renderforestsites.com/rf_fonts/v1/c3163c03-f73e-4eda-b31d-9c6cf4e6400c.woff2]
[victoriollc.renderforestsites.com/rf_fonts/v1/d2bc2def-5a69-4ca5-bf93-c4ca9e191d6d.woff2]
[victoriollc.renderforestsites.com/rf_fonts/v1/769725b0-bc30-42d4-846e-9b08d3d741a2.woff2]
[victoriollc.renderforestsites.com/rf_fonts/v1/9aa1236e-77c0-411f-8ae1-49858291dad6.woff2]
[victoriollc.renderforestsites.com/rf_fonts/v1/d9640c5f-95be-4059-8d36-c5004521d6eb.woff2]
[victoriollc.renderforestsites.com/rf_fonts/v1/f79a61ed-bab4-4336-a013-8711f7dfbed3.woff2]
[victoriollc.renderforestsites.com/rf_fonts/v1/1fd78131-9a08-4226-b7f8-52a5c8956749.woff2]
[victoriollc.renderforestsites.com/rf_fonts/v1/8920f3df-0b1f-4e9e-82dc-c9d105104202.woff2]
[victoriollc.renderforestsites.com/rf_fonts/v1/24c78b12-9ee7-4db2-8f2d-a2c25183feb6.woff2]
[victoriollc.renderforestsites.com/rf_fonts/v1/4456894d-86f3-46a6-af4e-12555c4d0e35.woff2]
[victoriollc.renderforestsites.com/rf_fonts/v1/8bcbf480-35b0-4542-8920-7c68c0b7a271.woff2]
[victoriollc.renderforestsites.com/rf_fonts/v1/06a5ba09-4feb-45e4-afea-b61e5e053388.woff2]
[victoriollc.renderforestsites.com/rf_fonts/v1/160119d3-ee8b-475a-846e-a09f4fa067ee.woff2]
[victoriollc.renderforestsites.com/rf_fonts/v1/0d7ba5c1-1732-40e6-a5fb-ef0decf0b0f3.woff2]
[victoriollc.renderforestsites.com/rf_fonts/v1/c4f3ca1c-003f-4a2c-84b2-97d1d382249c.woff2]
[victoriollc.renderforestsites.com/rf_fonts/v1/5d18997e-4ad2-4bea-8b2c-e48c4a67f955.woff2]
[victoriollc.renderforestsites.com/rf_fonts/v1/75ea0faf-c2fb-4225-8e20-dc949d61d1de.woff2]
[victoriollc.renderforestsites.com/rf_fonts/v1/e5a0595b-b389-4843-a19c-86dcaca31831.woff2]
[victoriollc.renderforestsites.com/rf_fonts/v1/6327d221-b3d5-44cf-a3d5-622edb0ee079.woff2]
[victoriollc.renderforestsites.com/rf_fonts/v1/dd04b63f-e9f0-4966-a2d4-b32df2f498fe.woff2]
[victoriollc.renderforestsites.com/rf_fonts/v1/f908fec9-c72c-4201-bc18-058514f93c7a.woff2]
[victoriollc.renderforestsites.com/rf_fonts/v1/adf099f6-643f-4341-b78b-fce28140bc71.woff2]
[victoriollc.renderforestsites.com/rf_fonts/v1/585ca87d-4084-4c71-9a4c-1546de21c19f.woff2]
[victoriollc.renderforestsites.com/rf_fonts/v1/83fed0ae-56b4-47f4-b27e-8f4f4d86fdb6.woff2]
[victoriollc.renderforestsites.com/rf_fonts/v1/95b5273b-d8bb-478b-aad2-b2c9efeb651b.woff2]
[victoriollc.renderforestsites.com/rf_fonts/v1/4bc2b43b-d71e-4d9f-81a9-b2fe68bb23e1.woff2]
[victoriollc.renderforestsites.com/rf_fonts/v1/327f6b2e-04bc-4a6b-93c0-02f844c60b24.woff2]
[victoriollc.renderforestsites.com/rf_fonts/v1/8bb543af-101b-4beb-b0ee-9c16e6e7fe67.woff2]
[victoriollc.renderforestsites.com/rf_fonts/v1/10bb15d3-df9a-4d56-886c-9ef3c0c9c3f6.woff2]
[victoriollc.renderforestsites.com/rf_fonts/v1/8c1ff934-f265-43c7-9a58-def84b5e9958.woff2]
[victoriollc.renderforestsites.com/rf_fonts/v1/c2f1c366-e114-473e-8562-0819f1cf147e.woff2]
[victoriollc.renderforestsites.com/rf_fonts/v1/178fb522-a0be-4a31-b1f6-36c23f8073ab.woff2]
[victoriollc.renderforestsites.com/rf_fonts/v1/e775331d-d427-47b8-9d12-a0a0eb9498d8.woff2]
[victoriollc.renderforestsites.com/rf_fonts/v1/ee2ebc57-2ccd-446f-941a-f1131fb5be6e.woff2]
[victoriollc.renderforestsites.com/rf_fonts/v1/cb11025a-3b7c-4e90-90ae-82e5eaf16521.woff2]
[victoriollc.renderforestsites.com/rf_fonts/v1/39fb7b87-27bf-419e-8613-d36e5d5abfb5.woff2]
[victoriollc.renderforestsites.com/rf_fonts/v1/7f825aa5-bef7-4032-b93c-8fd61acf6a4d.woff2]
[victoriollc.renderforestsites.com/rf_fonts/v1/0b6fa126-d767-4416-98ca-1ed1f193b24b.woff2]
[victoriollc.renderforestsites.com/rf_fonts/v1/872ba0a6-ef08-44a6-884c-0824239fe9b5.woff2]
[victoriollc.renderforestsites.com/rf_fonts/v1/518c1c36-b3b6-442f-992f-ac5263a58cc6.woff2]
[victoriollc.renderforestsites.com/rf_fonts/v1/142295d4-9a6f-4995-854a-7d477fec9f6e.woff2]
[victoriollc.renderforestsites.com/rf_fonts/v1/18c05a93-d360-4a4b-90f8-4bb54083ee7d.woff2]
[victoriollc.renderforestsites.com/rf_fonts/v1/75909940-92f2-49de-a6b4-49a865b3132e.woff2]
[victoriollc.renderforestsites.com/rf_fonts/v1/41c4639e-77d6-4c72-8fac-45b453e8dc80.woff2]
[victoriollc.renderforestsites.com/rf_fonts/v1/3eaba289-a51d-4ca7-ab03-430bbfc7a280.woff2]
[victoriollc.renderforestsites.com/rf_fonts/v1/fc3f0ded-07d7-4035-a03e-8fa6681bc2a3.woff2]
[victoriollc.renderforestsites.com/rf_fonts/v1/589af368-40cd-4c14-93de-1917294ebd08.woff2]
[victoriollc.renderforestsites.com/rf_fonts/v1/41fd6a4a-ed74-4c71-ab23-1106534d4412.woff2]
[victoriollc.renderforestsites.com/rf_fonts/v1/56d06819-552a-4fca-88ba-577c4d11e5e5.woff2]
[victoriollc.renderforestsites.com/rf_fonts/v1/05f0f198-f5a4-46ba-a57e-6b7132c162d8.woff2]
[victoriollc.renderforestsites.com/rf_fonts/v1/e2539272-a1ef-40fe-8faf-c612c8c7978f.woff2]
[victoriollc.renderforestsites.com/rf_fonts/v1/a269565c-5211-4fc5-9e96-6029af043b78.woff2]
[victoriollc.renderforestsites.com/rf_fonts/v1/0b59e143-7264-4f2c-b6d4-a20ee8a9cc38.woff2]
[victoriollc.renderforestsites.com/rf_fonts/v1/c3d94833-7743-474e-82a0-e5f385e7da47.woff2]
[victoriollc.renderforestsites.com/rf_fonts/v1/db38ecbf-02c3-4011-94fe-86e095050c3a.woff2]
[victoriollc.renderforestsites.com/rf_fonts/v1/e1c19102-aed6-49fe-b002-777571b73e03.woff2]
[victoriollc.renderforestsites.com/rf_fonts/v1/0b7cfa16-90b4-4dbb-a3c3-82f2535263b6.woff2]
[victoriollc.renderforestsites.com/rf_fonts/v1/ce6a3e64-4966-4098-8362-c44479c29d8a.woff2]
[victoriollc.renderforestsites.com/rf_fonts/v1/ad962de0-b924-45f1-bf5f-afe5d639afe3.woff2]
[victoriollc.renderforestsites.com/rf_fonts/v1/9edc04b2-7978-4db6-a8a9-aa30e24cf2b4.woff2]
[victoriollc.renderforestsites.com/rf_fonts/v1/6224e1b2-f45d-4a84-9e30-ce8fd6a9e36c.woff2]
[victoriollc.renderforestsites.com/rf_fonts/v1/bd53a990-f80c-4010-b1c6-6d1e26922443.woff2]
[victoriollc.renderforestsites.com/rf_fonts/v1/61970498-3d64-4ec6-aafe-fa21af424c1a.woff2]
[victoriollc.renderforestsites.com/rf_fonts/v1/a1021d13-fec0-448d-9a75-7f3589b7f635.woff2]
[victoriollc.renderforestsites.com/rf_fonts/v1/1799645d-52da-412f-b95a-1ee7b203a1ae.woff2]
[victoriollc.renderforestsites.com/rf_fonts/v1/e4376687-b833-468a-8226-5327d92f1858.woff2]
[victoriollc.renderforestsites.com/rf_fonts/v1/de26fd8b-87ec-4430-815f-bea6ed11f07e.woff2]
[victoriollc.renderforestsites.com/rf_fonts/v1/1cd335ed-33c0-4979-9721-a74f9a58266d.woff2]
[victoriollc.renderforestsites.com/rf_fonts/v1/c30494d5-31c4-4b2a-b552-8749abb3f019.woff2]
[victoriollc.renderforestsites.com/rf_fonts/v1/24e408b9-7824-41bf-acb3-c7ab29d8bf28.woff2]
[victoriollc.renderforestsites.com/rf_fonts/v1/59146068-1c47-41e9-9634-4fb0d0d1f0c7.woff2]
[victoriollc.renderforestsites.com/rf_fonts/v1/9edcd187-b3e7-4e70-84ba-50962cf3eceb.woff2]
[victoriollc.renderforestsites.com/rf_fonts/v1/1a0c2846-c13b-45c3-b117-c9c8778f6f8b.woff2]
[victoriollc.renderforestsites.com/rf_fonts/v1/d3188a9b-94aa-4995-a43c-786043349b80.woff2]
[victoriollc.renderforestsites.com/rf_fonts/v1/d50efac5-7b58-4034-8241-cb119368dd42.woff2]
[victoriollc.renderforestsites.com/rf_fonts/v1/ce7783b2-019b-4828-941a-11e175037c4c.woff2]
[victoriollc.renderforestsites.com/rf_fonts/v1/350e9000-eabb-4118-902e-07157a1945a1.woff2]
[victoriollc.renderforestsites.com/rf_fonts/v1/e222608a-b1fc-4ce8-8dc2-f518cddb83fe.woff2]
[victoriollc.renderforestsites.com/rf_fonts/v1/150e2f2c-6288-4005-ae07-b8b9e0fb1fdf.woff2]
[victoriollc.renderforestsites.com/rf_fonts/v1/a0e10177-4382-4ced-8bab-0d931f956dec.woff2]
[victoriollc.renderforestsites.com/rf_fonts/v1/cd8e9371-3f42-4c0f-a795-f168aefdf313.woff2]
[victoriollc.renderforestsites.com/rf_fonts/v1/e445efcc-6ca5-4956-9371-90898afb075d.woff2]
[victoriollc.renderforestsites.com/rf_fonts/v1/ab487c8d-6951-4d06-9c7d-2647204f6b41.woff2]
[victoriollc.renderforestsites.com/rf_fonts/v1/0a93d765-29d6-4885-8685-30b26e44d200.woff2]
[victoriollc.renderforestsites.com/rf_fonts/v1/89a3d0ff-b66d-4a1e-9cb0-d9d27713e069.woff2]
[victoriollc.renderforestsites.com/rf_fonts/v1/dace8e17-54b4-4a82-a892-86ba99dfd7c6.woff2]
[victoriollc.renderforestsites.com/rf_fonts/v1/7a00789a-5772-4e61-9569-037d145e6c2d.woff2]
[victoriollc.renderforestsites.com/rf_fonts/v1/3b0ade4b-6f0b-4368-92c2-2c4c90325a40.woff2]
[victoriollc.renderforestsites.com/rf_fonts/v1/6cb7eb76-8a82-4a26-a09a-c39bbfb7f68f.woff2]
[victoriollc.renderforestsites.com/rf_fonts/v1/27b71b3f-1cf8-45bb-92e8-0b9c9d1459fb.woff2]
[victoriollc.renderforestsites.com/rf_fonts/v1/0c7a9d32-d77b-4807-9c3d-2925bdb0c9cb.woff2]
[victoriollc.renderforestsites.com/rf_fonts/v1/f9dad1c9-6a28-4e01-919a-4542fc23fd6e.woff2]
[victoriollc.renderforestsites.com/rf_fonts/v1/0b2b566f-8f02-411b-9133-018c502aad8c.woff2]
[victoriollc.renderforestsites.com/rf_fonts/v1/2344ac3d-81d0-4f70-b605-4602e061bdda.woff2]
[victoriollc.renderforestsites.com/rf_fonts/v1/ee6eb542-5c7a-4420-bc59-a885a65fa81a.woff2]
[victoriollc.renderforestsites.com/rf_fonts/v1/9b238af3-fd3c-4582-8486-85bc85f1c1e7.woff2]
[victoriollc.renderforestsites.com/rf_fonts/v1/d7b8006c-5188-41c5-9ea8-1009a73a5af5.woff2]
[victoriollc.renderforestsites.com/rf_fonts/v1/73fde701-c8df-4682-946b-1d01c6ac3425.woff2]
[victoriollc.renderforestsites.com/rf_fonts/v1/56d0823c-129a-4784-acbb-319f9b0397ab.woff2]
[victoriollc.renderforestsites.com/rf_fonts/v1/7515981c-868f-42de-aec2-02f63a088edd.woff2]
[victoriollc.renderforestsites.com/rf_fonts/v1/e5676975-7409-489c-9e53-0f89636a4b9f.woff2]
[victoriollc.renderforestsites.com/rf_fonts/v1/e850b2b2-c890-4912-a6ec-3642c4b3f73d.woff2]
[victoriollc.renderforestsites.com/rf_fonts/v1/df23c2d6-a476-4e41-a20a-e54c4cb4bd1a.woff2]
[victoriollc.renderforestsites.com/rf_fonts/v1/254ac04c-52a3-467e-a205-2c9c817cde82.woff2]
[victoriollc.renderforestsites.com/rf_fonts/v1/ef73ce6e-8383-4899-ba77-22708205bb96.woff2]
[victoriollc.renderforestsites.com/rf_fonts/v1/8cf9de77-6779-416a-81dc-a72c302f68ae.woff2]
[victoriollc.renderforestsites.com/rf_fonts/v1/cfaee410-beaf-4862-92ff-70fcf25775b9.woff2]
[victoriollc.renderforestsites.com/rf_fonts/v1/1871843b-3242-4eb2-8377-7afd1f6c2193.woff2]
[victoriollc.renderforestsites.com/rf_fonts/v1/98df49a6-c219-4af8-9849-4871e1effe46.woff2]
[victoriollc.renderforestsites.com/rf_fonts/v1/b6c185d1-7d52-4f55-8931-ce57e91c0eb9.woff2]
[victoriollc.renderforestsites.com/rf_fonts/v1/5357dc04-56c0-4ff0-a173-763aa3832ab6.woff2]
[victoriollc.renderforestsites.com/rf_fonts/v1/ef25a377-a07a-493d-b581-c1748085dd52.woff2]
[victoriollc.renderforestsites.com/rf_fonts/v1/5bdc5d4e-170a-4dcd-a9e9-bbf6adf1f731.woff2]
[victoriollc.renderforestsites.com/rf_fonts/v1/0f95723c-a627-4398-86f9-9406cb6839a5.woff2]
[victoriollc.renderforestsites.com/rf_fonts/v1/649b9c64-d994-4714-bdd7-b3612077899a.woff2]
[victoriollc.renderforestsites.com/rf_fonts/v1/19c80f2f-7213-40d2-90b3-75ecc8187fff.woff2]
[victoriollc.renderforestsites.com/rf_fonts/v1/46096845-8559-426b-baf5-cae35840e6c6.woff2]
[victoriollc.renderforestsites.com/rf_fonts/v1/7c509408-5777-4164-ba44-ca0c56d7cd72.woff2]
[victoriollc.renderforestsites.com/rf_fonts/v1/9e7b24b5-edcb-4f6e-a3dc-7c2813eb3728.woff2]
[victoriollc.renderforestsites.com/rf_fonts/v1/8bac41f7-6b4c-4a97-9b89-7f79bb27849c.woff2]
[victoriollc.renderforestsites.com/rf_fonts/v1/fafadcc3-eb64-42a8-b9f3-f4e1bb8f9fa5.woff2]
[victoriollc.renderforestsites.com/rf_fonts/v1/d821ad90-7550-4ea9-87d2-eb8e0430159f.woff2]
[victoriollc.renderforestsites.com/rf_fonts/v1/ae7a3bcf-a111-4d0d-a288-1fbdcd45ab7a.woff2]
[victoriollc.renderforestsites.com/rf_fonts/v1/c1f8f5d8-2762-487c-bc01-f0c62cd0d322.woff2]
[victoriollc.renderforestsites.com/rf_fonts/v1/0fdb3297-aa5e-431f-96eb-a30b43165c47.woff2]
[victoriollc.renderforestsites.com/rf_fonts/v1/9739c5b1-a7da-40e8-8cf8-3c59c3eb34c0.woff2]
[victoriollc.renderforestsites.com/rf_fonts/v1/0f4237b9-46f9-40b4-8cb3-52738dabe019.woff2]
[victoriollc.renderforestsites.com/rf_fonts/v1/a8280eb1-d2ee-43b7-b562-39ba70b243fe.woff2]
[victoriollc.renderforestsites.com/rf_fonts/v1/ef7e7833-c842-49b7-b097-4c64331ebeb5.woff2]
[victoriollc.renderforestsites.com/rf_fonts/v1/e502a42a-d894-4908-85d1-4dfbae2267e0.woff2]
[victoriollc.renderforestsites.com/rf_fonts/v1/d8e3aacc-e4af-48be-a50f-ca580eadc13f.woff2]
[victoriollc.renderforestsites.com/rf_fonts/v1/82fdc0d2-2282-460e-959c-add5783885c9.woff2]
[victoriollc.renderforestsites.com/rf_fonts/v1/2f9155f9-3833-4087-b2bd-510acc21e0d3.woff2]
[victoriollc.renderforestsites.com/rf_fonts/v1/fad5eb46-ae47-407e-954b-971a60d88e15.woff2]
[victoriollc.renderforestsites.com/rf_fonts/v1/d5e0462f-54c1-4c69-b461-b374e535f4ed.woff2]
[victoriollc.renderforestsites.com/rf_fonts/v1/d28d91bb-90fa-4577-83cf-e27155792848.woff2]
[victoriollc.renderforestsites.com/rf_fonts/v1/c817d959-ecc4-4a0e-b702-f4733e738f53.woff2]
[victoriollc.renderforestsites.com/rf_fonts/v1/5ff44248-02a5-48fd-b76d-2aac824b8bd1.woff2]
[victoriollc.renderforestsites.com/rf_fonts/v1/5733f9e3-3f58-4a5d-a10a-5e4fa65e39cc.woff2]
[victoriollc.renderforestsites.com/rf_fonts/v1/289e87de-b7b3-4156-b0b5-feaf895c6da3.woff2]
[victoriollc.renderforestsites.com/rf_fonts/v1/006e61ec-480d-483f-a691-7c71fa2ccb70.woff2]
[victoriollc.renderforestsites.com/rf_fonts/v1/be02d267-a1db-4831-87d2-758dff2af5fd.woff2]
[victoriollc.renderforestsites.com/rf_fonts/v1/0b0af1b9-550c-4780-bb20-cf306c375fd7.woff2]
[victoriollc.renderforestsites.com/rf_fonts/v1/4f317e2e-1864-4a2e-836f-fca2cfe3fd15.woff2]
[victoriollc.renderforestsites.com/rf_fonts/v1/1510db7b-bd18-4ec1-9414-6c32a5d07a63.woff2]
[victoriollc.renderforestsites.com/rf_fonts/v1/c46d968d-5f20-43a4-8137-4766e1e96892.woff2]
[victoriollc.renderforestsites.com/rf_fonts/v1/5880c580-926e-4351-aa4f-80f737db1a85.woff2]
[victoriollc.renderforestsites.com/rf_fonts/v1/4d33a7e9-82f1-4f98-8eac-73d5c6d27499.woff2]
[victoriollc.renderforestsites.com/rf_fonts/v1/2bb1c3ca-0a42-4ab2-9e50-97125e97d833.woff2]
[victoriollc.renderforestsites.com/rf_fonts/v1/6d1ecb62-ff92-4577-b1c5-3bb91c88b7eb.woff2]
[victoriollc.renderforestsites.com/rf_fonts/v1/853e33ad-b0d2-4795-8d44-5170653b0243.woff2]
[victoriollc.renderforestsites.com/rf_fonts/v1/a859b74c-c47e-4d41-914b-e625696cd666.woff2]
[victoriollc.renderforestsites.com/rf_fonts/v1/3cbfee32-3db1-4a3a-8f48-a08a5506d256.woff2]
[victoriollc.renderforestsites.com/rf_fonts/v1/59efea8c-a5f5-4b5d-8547-12405e15bc0c.woff2]
[victoriollc.renderforestsites.com/rf_fonts/v1/4cccf1db-ebec-4337-9c22-7ffea8025eab.woff2]
[victoriollc.renderforestsites.com/rf_fonts/v1/50d5c12e-29fb-4de6-8302-8f469d732b41.woff2]
[victoriollc.renderforestsites.com/rf_fonts/v1/532db3e3-659b-4391-a155-beeaf6de0b47.woff2]
[victoriollc.renderforestsites.com/rf_fonts/v1/376f1624-46ef-4556-9c88-b446b6389d87.woff2]
[victoriollc.renderforestsites.com/rf_fonts/v1/19d8c34a-dda0-433a-a2ea-6a957d53a27a.woff2]
[victoriollc.renderforestsites.com/rf_fonts/v1/dc7077d3-e543-4cfa-96b1-d1698ce70563.woff2]
[victoriollc.renderforestsites.com/rf_fonts/v1/a07ece35-7c37-4f1e-a050-46d6547bcf05.woff2]
[victoriollc.renderforestsites.com/rf_fonts/v1/9287eec7-ed6c-49e2-baa8-56de9d78fbc7.woff2]
[victoriollc.renderforestsites.com/rf_fonts/v1/3365ce91-c65c-4eea-8d7d-5a5f6c66e71f.woff2]
[victoriollc.renderforestsites.com/rf_fonts/v1/a685b8bf-db60-4c77-bc96-de6c5164275f.woff2]
[victoriollc.renderforestsites.com/rf_fonts/v1/de25c3bd-c99f-4f50-a07f-4c5368c934d7.woff2]
[victoriollc.renderforestsites.com/rf_fonts/v1/de28b43d-e52d-4151-84d7-3f601260c753.woff2]
[victoriollc.renderforestsites.com/rf_fonts/v1/588b2c6a-7236-473b-b6ef-091907ea0e5d.woff2]
[victoriollc.renderforestsites.com/rf_fonts/v1/d9efb602-8ae6-46bc-87f8-0d7df6ca72c2.woff2]
[victoriollc.renderforestsites.com/rf_fonts/v1/7bdf6c15-30ab-47f0-8653-1b963d1ace95.woff2]
[victoriollc.renderforestsites.com/rf_fonts/v1/3cbc11f1-14d1-4851-920a-43ba93bf9e3c.woff2]
[victoriollc.renderforestsites.com/rf_fonts/v1/e233ae30-3f61-4f48-9d4a-35eeba3f4105.woff2]
[victoriollc.renderforestsites.com/rf_fonts/v1/d33296bb-7f44-4881-8293-596fc41d79c6.woff2]
[victoriollc.renderforestsites.com/rf_fonts/v1/e3dca2dc-258e-4b52-8e96-cc069f081217.woff2]
[victoriollc.renderforestsites.com/rf_fonts/v1/409f1a5b-605e-4970-a891-a443348f22d7.woff2]
[victoriollc.renderforestsites.com/rf_fonts/v1/14a80aef-c755-4354-a968-8fb1ab35ea18.woff2]
[victoriollc.renderforestsites.com/rf_fonts/v1/28d59737-2bee-4bc2-b013-41ae88445d78.woff2]
[victoriollc.renderforestsites.com/rf_fonts/v1/02815ec8-665e-408f-8044-6627f81342e4.woff2]
[victoriollc.renderforestsites.com/rf_fonts/v1/a6a6e70b-bcf7-45a6-84fd-c0d6892bb7c5.woff2]
[victoriollc.renderforestsites.com/rf_fonts/v1/2675731b-d1bb-4251-b8f3-f3e81f1d1442.woff2]
[victoriollc.renderforestsites.com/rf_fonts/v1/862e3dd8-c1f8-4584-b76b-1f1e597302f8.woff2]
[victoriollc.renderforestsites.com/rf_fonts/v1/118585d3-59b9-4ef2-8ca8-897e06312515.woff2]
[victoriollc.renderforestsites.com/rf_fonts/v1/68b64be5-103f-4d47-8b92-ff80c3a120f3.woff2]
[victoriollc.renderforestsites.com/rf_fonts/v1/1246b2c6-804d-4cfd-9cfd-6f514cdfd141.woff2]
[victoriollc.renderforestsites.com/rf_fonts/v1/c8655330-68ee-4b17-bc5f-d4e34970947d.woff2]
[victoriollc.renderforestsites.com/rf_fonts/v1/34c17510-a2f0-4704-9565-574fa0334e78.woff2]
[victoriollc.renderforestsites.com/rf_fonts/v1/4c8ba44d-5952-442e-988f-34ea1ebba136.woff2]
[victoriollc.renderforestsites.com/rf_fonts/v1/0ac290e7-0d9a-42a2-ab56-75e79de6936a.woff2]
[victoriollc.renderforestsites.com/rf_fonts/v1/e938c2c1-04bc-44f9-8a98-cea08a7f17e8.woff2]
[victoriollc.renderforestsites.com/rf_fonts/v1/57210285-9078-474b-93e3-2a96689aaaaf.woff2]
[victoriollc.renderforestsites.com/rf_fonts/v1/97e1f6d9-951b-4a6e-b2d1-ccbfce9ac2fd.woff2]
[victoriollc.renderforestsites.com/rf_fonts/v1/4ee7f84d-c2a5-4d7e-b9de-2a5680c2e2fa.woff2]
[victoriollc.renderforestsites.com/rf_fonts/v1/5b03d6e5-0fd2-4385-a961-7dc779087607.woff2]
[victoriollc.renderforestsites.com/rf_fonts/v1/682c792b-c9e7-4a08-a6bb-91047d0e79ec.woff2]
[victoriollc.renderforestsites.com/rf_fonts/v1/996b8811-9de7-4446-8dee-3ec5038b2064.woff2]
[victoriollc.renderforestsites.com/rf_fonts/v1/49bca860-a366-462e-b244-a9128a7e8bc4.woff2]
[victoriollc.renderforestsites.com/rf_fonts/v1/9c442c17-b8c2-4576-b6b0-3e4ad119e9ae.woff2]
[victoriollc.renderforestsites.com/rf_fonts/v1/cc7b216d-b385-4a2c-949b-21c1333b30cc.woff2]
[victoriollc.renderforestsites.com/rf_fonts/v1/bb1109ff-bacd-4abc-af07-a9ca9da76027.woff2]
[victoriollc.renderforestsites.com/rf_fonts/v1/16df7ca7-67e8-4740-85b1-e5f64083c6fd.woff2]
[victoriollc.renderforestsites.com/rf_fonts/v1/5061417e-8679-4d4d-9fbe-ea4b75d4a7b2.woff2]
[victoriollc.renderforestsites.com/rf_fonts/v1/8fa13cde-d10a-4cbb-9ee5-2d4dccf26530.woff2]
[victoriollc.renderforestsites.com/rf_fonts/v1/b90f8ca4-a4ea-478c-bcdc-a325163890d5.woff2]
[victoriollc.renderforestsites.com/rf_fonts/v1/25b1dd65-7cb5-428a-a370-c26304713c48.woff2]
[victoriollc.renderforestsites.com/rf_fonts/v1/6d9f4f16-7d84-4c55-af05-894633d09b32.woff2]
[victoriollc.renderforestsites.com/rf_fonts/v1/ea5fbf25-459d-482b-a7d9-8656317ffb2b.woff2]
[victoriollc.renderforestsites.com/rf_fonts/v1/a1218339-4c3d-4825-917a-2bea1d694243.woff2]
[victoriollc.renderforestsites.com/rf_fonts/v1/c71e821d-ff20-4cd6-a117-c2e53d096f7e.woff2]
[victoriollc.renderforestsites.com/rf_fonts/v1/784a7c3e-a17c-4203-814c-c81a32c21a01.woff2]
[victoriollc.renderforestsites.com/rf_fonts/v1/de4730ad-5331-4b2d-aacf-f74c206d992b.woff2]
[victoriollc.renderforestsites.com/rf_fonts/v1/e15c3764-0c8a-4b73-b992-7541d49307cc.woff2]
[victoriollc.renderforestsites.com/rf_fonts/v1/966014f3-3d69-40aa-90b1-cfea9585a4fe.woff2]
[victoriollc.renderforestsites.com/rf_fonts/v1/224ec9bf-1f0a-46c3-8655-8246e2571a40.woff2]
[victoriollc.renderforestsites.com/rf_fonts/v1/c1955dd3-f557-44d0-be9c-f21760bce90b.woff2]
[victoriollc.renderforestsites.com/rf_fonts/v1/a0b1c9fd-f06f-4c99-87fd-b101cb6da76d.woff2]
[victoriollc.renderforestsites.com/rf_fonts/v1/ab1dd4a0-3cf3-4fe7-b0dc-10b4fa402a1c.woff2]
[victoriollc.renderforestsites.com/rf_fonts/v1/c613c30c-2909-41c9-a43c-3d506482b9f0.woff2]
[victoriollc.renderforestsites.com/rf_fonts/v1/fonts.css]
